Formatting 'disk.img', fmt=raw size=3221225472 
add map loop0p1 (252:3): 0 6289408 linear /dev/loop0 2048
mke2fs 1.41.14 (22-Dec-2010)
Filesystem label=
OS type: Linux
Block size=4096 (log=2)
Fragment size=4096 (log=2)
Stride=0 blocks, Stripe width=0 blocks
196608 inodes, 786176 blocks
39308 blocks (5.00%) reserved for the super user
First data block=0
Maximum filesystem blocks=805306368
24 block groups
32768 blocks per group, 32768 fragments per group
8192 inodes per group
Superblock backups stored on blocks: 
	32768, 98304, 163840, 229376, 294912

Writing inode tables:  0/24 1/24 2/24 3/24 4/24 5/24 6/24 7/24 8/24 9/2410/2411/2412/2413/2414/2415/2416/2417/2418/2419/2420/2421/2422/2423/24done                            
Creating journal (16384 blocks): done
Writing superblocks and filesystem accounting information: done

This filesystem will be automatically checked every 39 mounts or
180 days, whichever comes first.  Use tune2fs -c or -i to override.
cd: 381: can't cd to http://aptproxy:3142
Formatting 'disk.img', fmt=raw size=3221225472 
add map loop0p1 (252:3): 0 6289408 linear /dev/loop0 2048
mke2fs 1.41.14 (22-Dec-2010)
Filesystem label=
OS type: Linux
Block size=4096 (log=2)
Fragment size=4096 (log=2)
Stride=0 blocks, Stripe width=0 blocks
196608 inodes, 786176 blocks
39308 blocks (5.00%) reserved for the super user
First data block=0
Maximum filesystem blocks=805306368
24 block groups
32768 blocks per group, 32768 fragments per group
8192 inodes per group
Superblock backups stored on blocks: 
	32768, 98304, 163840, 229376, 294912

Writing inode tables:  0/24 1/24 2/24 3/24 4/24 5/24 6/24 7/24 8/24 9/2410/2411/2412/2413/2414/2415/2416/2417/2418/2419/2420/2421/2422/2423/24done                            
Creating journal (16384 blocks): done
Writing superblocks and filesystem accounting information: done

This filesystem will be automatically checked every 24 mounts or
180 days, whichever comes first.  Use tune2fs -c or -i to override.
cd: 381: can't cd to http://aptproxy:3142
Formatting 'disk.img', fmt=raw size=3221225472 
add map loop0p1 (252:3): 0 6289408 linear /dev/loop0 2048
mke2fs 1.41.14 (22-Dec-2010)
Filesystem label=
OS type: Linux
Block size=4096 (log=2)
Fragment size=4096 (log=2)
Stride=0 blocks, Stripe width=0 blocks
196608 inodes, 786176 blocks
39308 blocks (5.00%) reserved for the super user
First data block=0
Maximum filesystem blocks=805306368
24 block groups
32768 blocks per group, 32768 fragments per group
8192 inodes per group
Superblock backups stored on blocks: 
	32768, 98304, 163840, 229376, 294912

Writing inode tables:  0/24 1/24 2/24 3/24 4/24 5/24 6/24 7/24 8/24 9/2410/2411/2412/2413/2414/2415/2416/2417/2418/2419/2420/2421/2422/2423/24done                            
Creating journal (16384 blocks): done
Writing superblocks and filesystem accounting information: done

This filesystem will be automatically checked every 39 mounts or
180 days, whichever comes first.  Use tune2fs -c or -i to override.
cd: 381: can't cd to http://aptproxy:3142
Formatting 'disk.img', fmt=raw size=3221225472 
add map loop0p1 (252:3): 0 6289408 linear /dev/loop0 2048
mke2fs 1.41.14 (22-Dec-2010)
Filesystem label=
OS type: Linux
Block size=4096 (log=2)
Fragment size=4096 (log=2)
Stride=0 blocks, Stripe width=0 blocks
196608 inodes, 786176 blocks
39308 blocks (5.00%) reserved for the super user
First data block=0
Maximum filesystem blocks=805306368
24 block groups
32768 blocks per group, 32768 fragments per group
8192 inodes per group
Superblock backups stored on blocks: 
	32768, 98304, 163840, 229376, 294912

Writing inode tables:  0/24 1/24 2/24 3/24 4/24 5/24 6/24 7/24 8/24 9/2410/2411/2412/2413/2414/2415/2416/2417/2418/2419/2420/2421/2422/2423/24done                            
Creating journal (16384 blocks): done
Writing superblocks and filesystem accounting information: done

This filesystem will be automatically checked every 30 mounts or
180 days, whichever comes first.  Use tune2fs -c or -i to override.
cd: 381: can't cd to http://aptproxy:3142
Formatting 'disk.img', fmt=raw size=3221225472 
add map loop0p1 (252:3): 0 6289408 linear /dev/loop0 2048
mke2fs 1.41.14 (22-Dec-2010)
Filesystem label=
OS type: Linux
Block size=4096 (log=2)
Fragment size=4096 (log=2)
Stride=0 blocks, Stripe width=0 blocks
196608 inodes, 786176 blocks
39308 blocks (5.00%) reserved for the super user
First data block=0
Maximum filesystem blocks=805306368
24 block groups
32768 blocks per group, 32768 fragments per group
8192 inodes per group
Superblock backups stored on blocks: 
	32768, 98304, 163840, 229376, 294912

Writing inode tables:  0/24 1/24 2/24 3/24 4/24 5/24 6/24 7/24 8/24 9/2410/2411/2412/2413/2414/2415/2416/2417/2418/2419/2420/2421/2422/2423/24done                            
Creating journal (16384 blocks): done
Writing superblocks and filesystem accounting information: done

This filesystem will be automatically checked every 33 mounts or
180 days, whichever comes first.  Use tune2fs -c or -i to override.
cd: 381: can't cd to http://aptproxy:3142
Formatting 'disk.img', fmt=raw size=3221225472 
add map loop0p1 (252:3): 0 6289408 linear /dev/loop0 2048
mke2fs 1.41.14 (22-Dec-2010)
Filesystem label=
OS type: Linux
Block size=4096 (log=2)
Fragment size=4096 (log=2)
Stride=0 blocks, Stripe width=0 blocks
196608 inodes, 786176 blocks
39308 blocks (5.00%) reserved for the super user
First data block=0
Maximum filesystem blocks=805306368
24 block groups
32768 blocks per group, 32768 fragments per group
8192 inodes per group
Superblock backups stored on blocks: 
	32768, 98304, 163840, 229376, 294912

Writing inode tables:  0/24 1/24 2/24 3/24 4/24 5/24 6/24 7/24 8/24 9/2410/2411/2412/2413/2414/2415/2416/2417/2418/2419/2420/2421/2422/2423/24done                            
Creating journal (16384 blocks): done
Writing superblocks and filesystem accounting information: done

This filesystem will be automatically checked every 32 mounts or
180 days, whichever comes first.  Use tune2fs -c or -i to override.
cd: 381: can't cd to http://aptproxy:3142
Formatting 'disk.img', fmt=raw size=3221225472 
add map loop0p1 (252:3): 0 6289408 linear /dev/loop0 2048
mke2fs 1.41.14 (22-Dec-2010)
Filesystem label=
OS type: Linux
Block size=4096 (log=2)
Fragment size=4096 (log=2)
Stride=0 blocks, Stripe width=0 blocks
196608 inodes, 786176 blocks
39308 blocks (5.00%) reserved for the super user
First data block=0
Maximum filesystem blocks=805306368
24 block groups
32768 blocks per group, 32768 fragments per group
8192 inodes per group
Superblock backups stored on blocks: 
	32768, 98304, 163840, 229376, 294912

Writing inode tables:  0/24 1/24 2/24 3/24 4/24 5/24 6/24 7/24 8/24 9/2410/2411/2412/2413/2414/2415/2416/2417/2418/2419/2420/2421/2422/2423/24done                            
Creating journal (16384 blocks): done
Writing superblocks and filesystem accounting information: done

This filesystem will be automatically checked every 39 mounts or
180 days, whichever comes first.  Use tune2fs -c or -i to override.
cd: 381: can't cd to http://aptproxy:3142
Formatting 'disk.img', fmt=raw size=3221225472 
add map loop0p1 (252:3): 0 6289408 linear /dev/loop0 2048
mke2fs 1.41.14 (22-Dec-2010)
Filesystem label=
OS type: Linux
Block size=4096 (log=2)
Fragment size=4096 (log=2)
Stride=0 blocks, Stripe width=0 blocks
196608 inodes, 786176 blocks
39308 blocks (5.00%) reserved for the super user
First data block=0
Maximum filesystem blocks=805306368
24 block groups
32768 blocks per group, 32768 fragments per group
8192 inodes per group
Superblock backups stored on blocks: 
	32768, 98304, 163840, 229376, 294912

Writing inode tables:  0/24 1/24 2/24 3/24 4/24 5/24 6/24 7/24 8/24 9/2410/2411/2412/2413/2414/2415/2416/2417/2418/2419/2420/2421/2422/2423/24done                            
Creating journal (16384 blocks): done
Writing superblocks and filesystem accounting information: done

This filesystem will be automatically checked every 33 mounts or
180 days, whichever comes first.  Use tune2fs -c or -i to override.
cd: 381: can't cd to http://aptproxy:3142
Formatting 'disk.img', fmt=raw size=3221225472 
add map loop0p1 (252:3): 0 6289408 linear /dev/loop0 2048
mke2fs 1.41.14 (22-Dec-2010)
Filesystem label=
OS type: Linux
Block size=4096 (log=2)
Fragment size=4096 (log=2)
Stride=0 blocks, Stripe width=0 blocks
196608 inodes, 786176 blocks
39308 blocks (5.00%) reserved for the super user
First data block=0
Maximum filesystem blocks=805306368
24 block groups
32768 blocks per group, 32768 fragments per group
8192 inodes per group
Superblock backups stored on blocks: 
	32768, 98304, 163840, 229376, 294912

Writing inode tables:  0/24 1/24 2/24 3/24 4/24 5/24 6/24 7/24 8/24 9/2410/2411/2412/2413/2414/2415/2416/2417/2418/2419/2420/2421/2422/2423/24done                            
Creating journal (16384 blocks): done
Writing superblocks and filesystem accounting information: done

This filesystem will be automatically checked every 22 mounts or
180 days, whichever comes first.  Use tune2fs -c or -i to override.
cd: 381: can't cd to http://aptproxy:3142
Formatting 'disk.img', fmt=raw size=3221225472 
add map loop0p1 (252:3): 0 6289408 linear /dev/loop0 2048
mke2fs 1.41.14 (22-Dec-2010)
Filesystem label=
OS type: Linux
Block size=4096 (log=2)
Fragment size=4096 (log=2)
Stride=0 blocks, Stripe width=0 blocks
196608 inodes, 786176 blocks
39308 blocks (5.00%) reserved for the super user
First data block=0
Maximum filesystem blocks=805306368
24 block groups
32768 blocks per group, 32768 fragments per group
8192 inodes per group
Superblock backups stored on blocks: 
	32768, 98304, 163840, 229376, 294912

Writing inode tables:  0/24 1/24 2/24 3/24 4/24 5/24 6/24 7/24 8/24 9/2410/2411/2412/2413/2414/2415/2416/2417/2418/2419/2420/2421/2422/2423/24done                            
Creating journal (16384 blocks): done
Writing superblocks and filesystem accounting information: done

This filesystem will be automatically checked every 25 mounts or
180 days, whichever comes first.  Use tune2fs -c or -i to override.
mount: mount point dir/dev does not exist
Formatting 'disk.img', fmt=raw size=3221225472 
add map loop0p1 (252:3): 0 6289408 linear /dev/loop0 2048
mke2fs 1.41.14 (22-Dec-2010)
Filesystem label=
OS type: Linux
Block size=4096 (log=2)
Fragment size=4096 (log=2)
Stride=0 blocks, Stripe width=0 blocks
196608 inodes, 786176 blocks
39308 blocks (5.00%) reserved for the super user
First data block=0
Maximum filesystem blocks=805306368
24 block groups
32768 blocks per group, 32768 fragments per group
8192 inodes per group
Superblock backups stored on blocks: 
	32768, 98304, 163840, 229376, 294912

Writing inode tables:  0/24 1/24 2/24 3/24 4/24 5/24 6/24 7/24 8/24 9/2410/2411/2412/2413/2414/2415/2416/2417/2418/2419/2420/2421/2422/2423/24done                            
Creating journal (16384 blocks): done
Writing superblocks and filesystem accounting information: done

This filesystem will be automatically checked every 35 mounts or
180 days, whichever comes first.  Use tune2fs -c or -i to override.
mount: mount point dir/dev does not exist
Formatting 'disk.img', fmt=raw size=3221225472 
add map loop0p1 (252:3): 0 6289408 linear /dev/loop0 2048
mke2fs 1.41.14 (22-Dec-2010)
Filesystem label=
OS type: Linux
Block size=4096 (log=2)
Fragment size=4096 (log=2)
Stride=0 blocks, Stripe width=0 blocks
196608 inodes, 786176 blocks
39308 blocks (5.00%) reserved for the super user
First data block=0
Maximum filesystem blocks=805306368
24 block groups
32768 blocks per group, 32768 fragments per group
8192 inodes per group
Superblock backups stored on blocks: 
	32768, 98304, 163840, 229376, 294912

Writing inode tables:  0/24 1/24 2/24 3/24 4/24 5/24 6/24 7/24 8/24 9/2410/2411/2412/2413/2414/2415/2416/2417/2418/2419/2420/2421/2422/2423/24done                            
Creating journal (16384 blocks): done
Writing superblocks and filesystem accounting information: done

This filesystem will be automatically checked every 33 mounts or
180 days, whichever comes first.  Use tune2fs -c or -i to override.
mount: mount point dir/dev does not exist
Formatting 'disk.img', fmt=raw size=3221225472 
add map loop0p1 (252:3): 0 6289408 linear /dev/loop0 2048
mke2fs 1.41.14 (22-Dec-2010)
Filesystem label=
OS type: Linux
Block size=4096 (log=2)
Fragment size=4096 (log=2)
Stride=0 blocks, Stripe width=0 blocks
196608 inodes, 786176 blocks
39308 blocks (5.00%) reserved for the super user
First data block=0
Maximum filesystem blocks=805306368
24 block groups
32768 blocks per group, 32768 fragments per group
8192 inodes per group
Superblock backups stored on blocks: 
	32768, 98304, 163840, 229376, 294912

Writing inode tables:  0/24 1/24 2/24 3/24 4/24 5/24 6/24 7/24 8/24 9/2410/2411/2412/2413/2414/2415/2416/2417/2418/2419/2420/2421/2422/2423/24done                            
Creating journal (16384 blocks): done
Writing superblocks and filesystem accounting information: done

This filesystem will be automatically checked every 30 mounts or
180 days, whichever comes first.  Use tune2fs -c or -i to override.
mount: mount point dir/dev does not exist
Formatting 'disk.img', fmt=raw size=3221225472 
add map loop0p1 (252:3): 0 6289408 linear /dev/loop0 2048
mke2fs 1.41.14 (22-Dec-2010)
Filesystem label=
OS type: Linux
Block size=4096 (log=2)
Fragment size=4096 (log=2)
Stride=0 blocks, Stripe width=0 blocks
196608 inodes, 786176 blocks
39308 blocks (5.00%) reserved for the super user
First data block=0
Maximum filesystem blocks=805306368
24 block groups
32768 blocks per group, 32768 fragments per group
8192 inodes per group
Superblock backups stored on blocks: 
	32768, 98304, 163840, 229376, 294912

Writing inode tables:  0/24 1/24 2/24 3/24 4/24 5/24 6/24 7/24 8/24 9/2410/2411/2412/2413/2414/2415/2416/2417/2418/2419/2420/2421/2422/2423/24done                            
Creating journal (16384 blocks): done
Writing superblocks and filesystem accounting information: done

This filesystem will be automatically checked every 26 mounts or
180 days, whichever comes first.  Use tune2fs -c or -i to override.
mount: mount point dir/dev does not exist
Formatting 'disk.img', fmt=raw size=3221225472 
add map loop0p1 (252:3): 0 6289408 linear /dev/loop0 2048
mke2fs 1.41.14 (22-Dec-2010)
Filesystem label=
OS type: Linux
Block size=4096 (log=2)
Fragment size=4096 (log=2)
Stride=0 blocks, Stripe width=0 blocks
196608 inodes, 786176 blocks
39308 blocks (5.00%) reserved for the super user
First data block=0
Maximum filesystem blocks=805306368
24 block groups
32768 blocks per group, 32768 fragments per group
8192 inodes per group
Superblock backups stored on blocks: 
	32768, 98304, 163840, 229376, 294912

Writing inode tables:  0/24 1/24 2/24 3/24 4/24 5/24 6/24 7/24 8/24 9/2410/2411/2412/2413/2414/2415/2416/2417/2418/2419/2420/2421/2422/2423/24done                            
Creating journal (16384 blocks): done
Writing superblocks and filesystem accounting information: done

This filesystem will be automatically checked every 29 mounts or
180 days, whichever comes first.  Use tune2fs -c or -i to override.
cd: 381: can't cd to http://aptproxy:3142
